// Jest Snapshot v1, https://goo.gl/fbAQLP

exports[`Test Search Box component Should render correctly 1`] = `
<div>
  <div
    class="max-w-xs rounded overflow-hidden "
  >
    <form
      class="w-full max-w-sm"
    >
      <div
        class="flex items-center border-b-2 border-teal-500 py-1"
      >
        <input
          class="appearance-none bg-transparent border-none w-full text-gray-700 mr-3 py-1 px-2 leading-tight focus:outline-none"
          placeholder="Search Photo Term..."
          type="text"
          value=""
        />
        <button
          class="shrink-0 bg-teal-500 hover:bg-teal-700 border-teal-500 hover:border-teal-700 text-sm border-4 text-white py-1 px-2 rounded"
          type="submit"
        >
          Search
        </button>
      </div>
    </form>
  </div>
</div>
`;
