// Jest Snapshot v1, https://goo.gl/fbAQLP

exports[`Test Home component Should render correctly 1`] = `
<div>
  <div
    class=" py-2 px-12 "
  >
    <div
      class="flex justify-center items-center"
    >
      <div
        class="animate-spin rounded-full h-32 w-32 border-b-2 border-gray-900"
      />
    </div>
  </div>
</div>
`;
